################################################################################
#                                                                              #
#      IAR Universal Linker V5.2.4.16                                          #
#                                                                              #
#           Link time     =  19/Dec/2020  14:07:59                             #
#           Target CPU    =  MSP430                                            #
#           List file     =  C:\Users\lck13\OneDrive\문서\_1_CK_PROJECKT\SOURC #
#                            E\elmos\elmos\e521.31\52131leddemo_v1.0.2_src\521 #
#                            31LEDDemo\Debug\List\52131LEDDemo.map             #
#           Output file 1 =  C:\Users\lck13\OneDrive\문서\_1_CK_PROJECKT\SOURC #
#                            E\elmos\elmos\e521.31\52131leddemo_v1.0.2_src\521 #
#                            31LEDDemo\Debug\Exe\52131LEDDemo.a43              #
#                            Format: intel-extended                            #
#           Output file 2 =  C:\Users\lck13\OneDrive\문서\_1_CK_PROJECKT\SOURC #
#                            E\elmos\elmos\e521.31\52131leddemo_v1.0.2_src\521 #
#                            31LEDDemo\Debug\Exe\52131LEDDemo.d43              #
#                            Format: debug                                     #
#                            UBROF version 10.0.6                              #
#                            Using library modules for C-SPY (-rt)             #
#           Command line  =  C:\Users\lck13\OneDrive\문서\_1_CK_PROJECKT\SOURC #
#                            E\elmos\elmos\e521.31\52131leddemo_v1.0.2_src\521 #
#                            31LEDDemo\Debug\Obj\adc_ctrl.r43                  #
#                            C:\Users\lck13\OneDrive\문서\_1_CK_PROJECKT\SOURC #
#                            E\elmos\elmos\e521.31\52131leddemo_v1.0.2_src\521 #
#                            31LEDDemo\Debug\Obj\cctimer.r43                   #
#                            C:\Users\lck13\OneDrive\문서\_1_CK_PROJECKT\SOURC #
#                            E\elmos\elmos\e521.31\52131leddemo_v1.0.2_src\521 #
#                            31LEDDemo\Debug\Obj\divider.r43                   #
#                            C:\Users\lck13\OneDrive\문서\_1_CK_PROJECKT\SOURC #
#                            E\elmos\elmos\e521.31\52131leddemo_v1.0.2_src\521 #
#                            31LEDDemo\Debug\Obj\gpio.r43                      #
#                            C:\Users\lck13\OneDrive\문서\_1_CK_PROJECKT\SOURC #
#                            E\elmos\elmos\e521.31\52131leddemo_v1.0.2_src\521 #
#                            31LEDDemo\Debug\Obj\h430_mul.r43                  #
#                            C:\Users\lck13\OneDrive\문서\_1_CK_PROJECKT\SOURC #
#                            E\elmos\elmos\e521.31\52131leddemo_v1.0.2_src\521 #
#                            31LEDDemo\Debug\Obj\hv_ctrl.r43                   #
#                            C:\Users\lck13\OneDrive\문서\_1_CK_PROJECKT\SOURC #
#                            E\elmos\elmos\e521.31\52131leddemo_v1.0.2_src\521 #
#                            31LEDDemo\Debug\Obj\main.r43                      #
#                            C:\Users\lck13\OneDrive\문서\_1_CK_PROJECKT\SOURC #
#                            E\elmos\elmos\e521.31\52131leddemo_v1.0.2_src\521 #
#                            31LEDDemo\Debug\Obj\mod_adc.r43                   #
#                            C:\Users\lck13\OneDrive\문서\_1_CK_PROJECKT\SOURC #
#                            E\elmos\elmos\e521.31\52131leddemo_v1.0.2_src\521 #
#                            31LEDDemo\Debug\Obj\mod_gpio.r43                  #
#                            C:\Users\lck13\OneDrive\문서\_1_CK_PROJECKT\SOURC #
#                            E\elmos\elmos\e521.31\52131leddemo_v1.0.2_src\521 #
#                            31LEDDemo\Debug\Obj\mod_hvctrl.r43                #
#                            C:\Users\lck13\OneDrive\문서\_1_CK_PROJECKT\SOURC #
#                            E\elmos\elmos\e521.31\52131leddemo_v1.0.2_src\521 #
#                            31LEDDemo\Debug\Obj\mod_pwm.r43                   #
#                            C:\Users\lck13\OneDrive\문서\_1_CK_PROJECKT\SOURC #
#                            E\elmos\elmos\e521.31\52131leddemo_v1.0.2_src\521 #
#                            31LEDDemo\Debug\Obj\mod_sci.r43                   #
#                            C:\Users\lck13\OneDrive\문서\_1_CK_PROJECKT\SOURC #
#                            E\elmos\elmos\e521.31\52131leddemo_v1.0.2_src\521 #
#                            31LEDDemo\Debug\Obj\mod_swt.r43                   #
#                            C:\Users\lck13\OneDrive\문서\_1_CK_PROJECKT\SOURC #
#                            E\elmos\elmos\e521.31\52131leddemo_v1.0.2_src\521 #
#                            31LEDDemo\Debug\Obj\mod_sys.r43                   #
#                            C:\Users\lck13\OneDrive\문서\_1_CK_PROJECKT\SOURC #
#                            E\elmos\elmos\e521.31\52131leddemo_v1.0.2_src\521 #
#                            31LEDDemo\Debug\Obj\pwm.r43                       #
#                            C:\Users\lck13\OneDrive\문서\_1_CK_PROJECKT\SOURC #
#                            E\elmos\elmos\e521.31\52131leddemo_v1.0.2_src\521 #
#                            31LEDDemo\Debug\Obj\sci.r43                       #
#                            C:\Users\lck13\OneDrive\문서\_1_CK_PROJECKT\SOURC #
#                            E\elmos\elmos\e521.31\52131leddemo_v1.0.2_src\521 #
#                            31LEDDemo\Debug\Obj\stdio_read.r43                #
#                            C:\Users\lck13\OneDrive\문서\_1_CK_PROJECKT\SOURC #
#                            E\elmos\elmos\e521.31\52131leddemo_v1.0.2_src\521 #
#                            31LEDDemo\Debug\Obj\stdio_write.r43               #
#                            C:\Users\lck13\OneDrive\문서\_1_CK_PROJECKT\SOURC #
#                            E\elmos\elmos\e521.31\52131leddemo_v1.0.2_src\521 #
#                            31LEDDemo\Debug\Obj\swtimer.r43                   #
#                            C:\Users\lck13\OneDrive\문서\_1_CK_PROJECKT\SOURC #
#                            E\elmos\elmos\e521.31\52131leddemo_v1.0.2_src\521 #
#                            31LEDDemo\Debug\Obj\sys_state.r43                 #
#                            C:\Users\lck13\OneDrive\문서\_1_CK_PROJECKT\SOURC #
#                            E\elmos\elmos\e521.31\52131leddemo_v1.0.2_src\521 #
#                            31LEDDemo\Debug\Obj\utils.r43                     #
#                            C:\Users\lck13\OneDrive\문서\_1_CK_PROJECKT\SOURC #
#                            E\elmos\elmos\e521.31\52131leddemo_v1.0.2_src\521 #
#                            31LEDDemo\Debug\Obj\vic.r43                       #
#                            C:\Users\lck13\OneDrive\문서\_1_CK_PROJECKT\SOURC #
#                            E\elmos\elmos\e521.31\52131leddemo_v1.0.2_src\521 #
#                            31LEDDemo\Debug\Obj\wdog.r43                      #
#                            -o                                                #
#                            C:\Users\lck13\OneDrive\문서\_1_CK_PROJECKT\SOURC #
#                            E\elmos\elmos\e521.31\52131leddemo_v1.0.2_src\521 #
#                            31LEDDemo\Debug\Exe\52131LEDDemo.d43              #
#                            -l                                                #
#                            C:\Users\lck13\OneDrive\문서\_1_CK_PROJECKT\SOURC #
#                            E\elmos\elmos\e521.31\52131leddemo_v1.0.2_src\521 #
#                            31LEDDemo\Debug\List\52131LEDDemo.map             #
#                            -xmso                                             #
#                            "-IC:\Program Files (x86)\IAR Systems\Embedded Wo #
#                            rkbench 6.0\430\LIB\"                             #
#                            -f                                                #
#                            "C:\Program Files (x86)\IAR Systems\Embedded Work #
#                            bench 6.0\430\CONFIG\lnkEL_M52199B.xcl"           #
#                            (-cmsp430                                         #
#                            -Z(DATA)DATA16_I,DATA16_Z,DATA16_N,DATA16_HEAP+_D #
#                            ATA16_HEAP_SIZE=0C00-1000                         #
#                            -Z(DATA)CODE_I -Z(DATA)CSTACK+_STACK_SIZE#        #
#                            -Z(CONST)DATA16_C,DATA16_ID,DIFUNCT,CHECKSUM=8000 #
#                            -FFFB                                             #
#                            -Z(CODE)CSTART,ISR_CODE,CODE_ID=8000-FFFB         #
#                            -P(CODE)CODE=8000-FFFB -Z(CODE)INTVEC=FFFC-FFFF   #
#                            -Z(CODE)RESET=FFFE-FFFF) -f                       #
#                            "C:\Program Files (x86)\IAR Systems\Embedded Work #
#                            bench 6.0\430\config\multiplier.xcl"              #
#                            (-e?Mul8Hw=?Mul8 -e?Mul16Hw=?Mul16                #
#                            -e?Mul16to32uHw=?Mul16to32u                       #
#                            -e?Mul16to32sHw=?Mul16to32s -e?Mul32Hw=?Mul32     #
#                            -e_Mul64iHw=_Mul64i                               #
#                            -e_Mul32u32uto64iHw=_Mul32u32uto64i               #
#                            -e?Mul32fHw=_Mul32f -e_Mul64fHwPtr=_Mul64fPtr)    #
#                            -D_STACK_SIZE=168 -rt                             #
#                            "C:\Program Files (x86)\IAR Systems\Embedded Work #
#                            bench 6.0\430\LIB\DLIB\dl430fn.r43"               #
#                            -e_PrintfLarge=_Printf -e_ScanfLarge=_Scanf       #
#                            -D_DATA16_HEAP_SIZE=50                            #
#                            -Ointel-extended=C:\Users\lck13\OneDrive\문서\_1_ #
#                            CK_PROJECKT\SOURCE\elmos\elmos\e521.31\52131ledde #
#                            mo_v1.0.2_src\52131LEDDemo\Debug\Exe\52131LEDDemo #
#                            .a43                                              #
#                            -s __program_start -D_DATA20_HEAP_SIZE=50         #
#                                                                              #
#                           Copyright (C) 1987-2011 IAR Systems AB.            #
################################################################################





                ****************************************
                *                                      *
                *           CROSS REFERENCE            *
                *                                      *
                ****************************************

       Program entry at :           8A60  Relocatable, from module : ?cstart




                ****************************************
                *                                      *
                *            RUNTIME MODEL             *
                *                                      *
                ****************************************

  __Heap_Handler             = Basic
  __SystemLibrary            = DLib
  __core                     = 430
  __dlib_file_descriptor     = 0
  __dlib_full_locale_support = 0
  __double_size              = 32
  __pic                      = no
  __reg_r4                   = free
  __reg_r5                   = free
  __rt_version               = 3

                ****************************************
                *                                      *
                *    AUTOMATIC SYMBOL REDIRECTIONS     *
                *                                      *
                ****************************************

                  There are no automatic symbol redirections.



                ****************************************
                *                                      *
                *              MODULE MAP              *
                *                                      *
                ****************************************


  DEFINED ABSOLUTE ENTRIES
    *************************************************************************

  DEFINED ABSOLUTE ENTRIES
  PROGRAM MODULE, NAME : ?ABS_ENTRY_MOD

Absolute parts
           ENTRY                   ADDRESS         REF BY
           =====                   =======         ======
           _DATA20_HEAP_SIZE       0050 
           _DATA16_HEAP_SIZE       0050 
           _STACK_SIZE             0168 
    *************************************************************************

  FILE NAME : C:\Users\lck13\OneDrive\문서\_1_CK_PROJECKT\SOURCE\elmos\elmos\e521.31\52131leddemo_v1.0.2_src\52131LEDDemo\Debug\Obj\adc_ctrl.r43
  PROGRAM MODULE, NAME : adc_ctrl

  SEGMENTS IN THE MODULE
  ======================
<CODE> 1 (was CODE)
  Relative segment, address: C0C6 - C0EF (0x2a bytes), align: 1
  Segment part 10.
           ENTRY                   ADDRESS         REF BY
           =====                   =======         ======
           adc_ctrl_pwm_trigger_config
                                   C0C6            adc_Init (mod_adc)
               CSTACK = 00000000 ( 00000002 )
    -------------------------------------------------------------------------
<CODE> 1 (was CODE)
  Relative segment, address: B7C8 - B837 (0x70 bytes), align: 1
  Segment part 8.
           ENTRY                   ADDRESS         REF BY
           =====                   =======         ======
           adc_ctrl_cyclic_mode_config
                                   B7C8            adc_Init (mod_adc)
               CSTACK = 00000000 ( 00000004 )
    -------------------------------------------------------------------------
<CODE> 1 (was CODE)
  Relative segment, address: C5AA - C5B9 (0x10 bytes), align: 1
  Segment part 7.
           ENTRY                   ADDRESS         REF BY
           =====                   =======         ======
           adc_ctrl_set_mux_delay
                                   C5AA            adc_Init (mod_adc)
               CSTACK = 00000000 ( 00000002 )
    -------------------------------------------------------------------------
<CODE> 1 (was CODE)
  Relative segment, address: C6DE - C6E3 (0x6 bytes), align: 1
  Segment part 5.
           ENTRY                   ADDRESS         REF BY
           =====                   =======         ======
           adc_ctrl_set_dma_base_address
                                   C6DE            adc_Init (mod_adc)
               CSTACK = 00000000 ( 00000002 )
    -------------------------------------------------------------------------
<CODE> 1 (was CODE)
  Relative segment, address: B660 - B6DD (0x7e bytes), align: 1
  Segment part 4.
           ENTRY                   ADDRESS         REF BY
           =====                   =======         ======
           adc_ctrl_set_sample_extension
                                   B660            adc_Init (mod_adc)
               CSTACK = 00000000 ( 00000004 )
    -------------------------------------------------------------------------
DATA16_Z
  Relative segment, address: 0C02 - 0C2B (0x2a bytes), align: 1
  Segment part 2.             Intra module refs:   adc_ctrl_handler_init
           LOCAL                   ADDRESS         
           =====                   =======         
           callback                0C02 
    -------------------------------------------------------------------------
<CODE> 1 (was CODE)
  Relative segment, address: C4B6 - C4C7 (0x12 bytes), align: 1
  Segment part 3.
           ENTRY                   ADDRESS         REF BY
           =====                   =======         ======
           adc_ctrl_handler_init   C4B6            adc_Init (mod_adc)
               calls direct
               CSTACK = 00000000 ( 00000002 )

    *************************************************************************

  FILE NAME : C:\Users\lck13\OneDrive\문서\_1_CK_PROJECKT\SOURCE\elmos\elmos\e521.31\52131leddemo_v1.0.2_src\52131LEDDemo\Debug\Obj\cctimer.r43
    *************************************************************************

  FILE NAME : C:\Users\lck13\OneDrive\문서\_1_CK_PROJECKT\SOURCE\elmos\elmos\e521.31\52131leddemo_v1.0.2_src\52131LEDDemo\Debug\Obj\divider.r43
    *************************************************************************

  FILE NAME : C:\Users\lck13\OneDrive\문서\_1_CK_PROJECKT\SOURCE\elmos\elmos\e521.31\52131leddemo_v1.0.2_src\52131LEDDemo\Debug\Obj\gpio.r43
  PROGRAM MODULE, NAME : gpio

  SEGMENTS IN THE MODULE
  ======================
<CODE> 1 (was CODE)
  Relative segment, address: C318 - C333 (0x1c bytes), align: 1
  Segment part 20.
           ENTRY                   ADDRESS         REF BY
           =====                   =======         ======
           gpio_set_output_enable
                                   C318            gpio_Init (mod_gpio)
               CSTACK = 00000000 ( 00000002 )

    *************************************************************************

  FILE NAME : C:\Users\lck13\OneDrive\문서\_1_CK_PROJECKT\SOURCE\elmos\elmos\e521.31\52131leddemo_v1.0.2_src\52131LEDDemo\Debug\Obj\h430_mul.r43
    *************************************************************************

  FILE NAME : C:\Users\lck13\OneDrive\문서\_1_CK_PROJECKT\SOURCE\elmos\elmos\e521.31\52131leddemo_v1.0.2_src\52131LEDDemo\Debug\Obj\hv_ctrl.r43
  PROGRAM MODULE, NAME : hv_ctrl

  SEGMENTS IN THE MODULE
  ======================
<CODE> 1 (was CODE)
  Relative segment, address: C59A - C5A9 (0x10 bytes), align: 1
  Segment part 16.
           ENTRY                   ADDRESS         REF BY
           =====                   =======         ======
           hv_ctrl_set_post_shift_delay
                                   C59A            hvctrl_Init (mod_hvctrl)
               CSTACK = 00000000 ( 00000002 )
    -------------------------------------------------------------------------
<CODE> 1 (was CODE)
  Relative segment, address: AD8E - AE81 (0xf4 bytes), align: 1
  Segment part 14.
           ENTRY                   ADDRESS         REF BY
           =====                   =======         ======
           hv_ctrl_spi_configure   AD8E            hvctrl_Init (mod_hvctrl)
               CSTACK = 00000000 ( 00000006 )
    -------------------------------------------------------------------------
<CODE> 1 (was CODE)
  Relative segment, address: AF5A - B021 (0xc8 bytes), align: 1
  Segment part 12.
           ENTRY                   ADDRESS         REF BY
           =====                   =======         ======
           hv_ctrl_spi_send_16_wr
                                   AF5A            hvctrl_SetLEDDrv (mod_hvctrl)
                                                   hvctrl_SetLINConfig (mod_hvctrl)
               CSTACK = 00000000 ( 00000004 )
    -------------------------------------------------------------------------
DATA16_Z
  Relative segment, address: 0C2C - 0C45 (0x1a bytes), align: 1
  Segment part 3.             Intra module refs:   hv_ctrl_handler_init
           LOCAL                   ADDRESS         
           =====                   =======         
           callback                0C2C 
    -------------------------------------------------------------------------
<CODE> 1 (was CODE)
  Relative segment, address: C418 - C42B (0x14 bytes), align: 1
  Segment part 5.
           ENTRY                   ADDRESS         REF BY
           =====                   =======         ======
           hv_ctrl_handler_init    C418            hvctrl_Init (mod_hvctrl)
               calls direct
               CSTACK = 00000000 ( 00000002 )

    *************************************************************************

  FILE NAME : C:\Users\lck13\OneDrive\문서\_1_CK_PROJECKT\SOURCE\elmos\elmos\e521.31\52131leddemo_v1.0.2_src\52131LEDDemo\Debug\Obj\main.r43
  PROGRAM MODULE, NAME : main

  SEGMENTS IN THE MODULE
  ======================
DATA16_Z
  Relative segment, address: 0E70 - 0E70 (0x1 bytes), align: 0
  Segment part 60.            Intra module refs:   main_SetDefaults
                                                   main_TerminalHandler
           ENTRY                   ADDRESS         REF BY
           =====                   =======         ======
           main_InputMode          0E70 
    -------------------------------------------------------------------------
DATA16_Z
  Relative segment, address: 0E71 - 0E74 (0x4 bytes), align: 0
  Segment part 61.            Intra module refs:   main
                                                   main_EnterPWMValue
                                                   main_NextPWMMode
                                                   main_PrintPWMLine
                                                   main_SetDefaults
           ENTRY                   ADDRESS         REF BY
           =====                   =======         ======
           main_PWMMode            0E71 
    -------------------------------------------------------------------------
DATA16_Z
  Relative segment, address: 0E75 - 0E78 (0x4 bytes), align: 0
  Segment part 62.            Intra module refs:   main
                                                   main_SetDefaults
           ENTRY                   ADDRESS         REF BY
           =====                   =======         ======
           main_PWMToggleDir       0E75 
    -------------------------------------------------------------------------
DATA16_Z
  Relative segment, address: 0C46 - 0C4D (0x8 bytes), align: 1
  Segment part 63.            Intra module refs:   main
                                                   main_EnterPWMValue
                                                   main_SetDefaults
           ENTRY                   ADDRESS         REF BY
           =====                   =======         ======
           main_PWMPhases          0C46 
    -------------------------------------------------------------------------
DATA16_Z
  Relative segment, address: 0E79 - 0E79 (0x1 bytes), align: 0
  Segment part 64.            Intra module refs:   main
                                                   main_EnterPWMValue
                                                   main_SetDefaults
           ENTRY                   ADDRESS         REF BY
           =====                   =======         ======
           main_UpdatePWMPhases    0E79 
    -------------------------------------------------------------------------
<CODE> 1 (was CODE)
  Relative segment, address: BB6A - BBAD (0x44 bytes), align: 1
  Segment part 77.            Intra module refs:   main
           ENTRY                   ADDRESS         REF BY
           =====                   =======         ======
           main_Init               BB6A 
               calls direct
               CSTACK = 00000000 ( 00000002 )
    -------------------------------------------------------------------------
<CODE> 1 (was CODE)
  Relative segment, address: C56A - C579 (0x10 bytes), align: 1
  Segment part 66.            Intra module refs:   main_EnterPWMValue
                                                   main_NewScreen
                                                   main_PrintADCLine
                                                   main_PrintPWMLine
                                                   main_ShowHelpScreen
                                                   main_UpdateScreen
           ENTRY                   ADDRESS         REF BY
           =====                   =======         ======
           main_GotoXY             C56A 
               calls direct
               CSTACK = 00000000 ( 00000006 )
    -------------------------------------------------------------------------
<CODE> 1 (was CODE)
  Relative segment, address: B022 - B0E3 (0xc2 bytes), align: 1
  Segment part 71.            Intra module refs:   main_UpdateScreen
           ENTRY                   ADDRESS         REF BY
           =====                   =======         ======
           main_PrintPWMLine       B022 
               calls direct
               CSTACK = 00000000 ( 0000000C )
    -------------------------------------------------------------------------
<CODE> 1 (was CODE)
  Relative segment, address: B5D2 - B65F (0x8e bytes), align: 1
  Segment part 70.            Intra module refs:   main_UpdateScreen
           ENTRY                   ADDRESS         REF BY
           =====                   =======         ======
           main_PrintADCLine       B5D2 
               calls direct
               CSTACK = 00000000 ( 0000000C )
    -------------------------------------------------------------------------
<CODE> 1 (was CODE)
  Relative segment, address: C58A - C599 (0x10 bytes), align: 1
  Segment part 68.            Intra module refs:   main_SetupScreen
                                                   main_ShowHelpScreen
           ENTRY                   ADDRESS         REF BY
           =====                   =======         ======
           main_NewScreen          C58A 
               calls direct
               CSTACK = 00000000 ( 00000002 )
    -------------------------------------------------------------------------
<CODE> 1 (was CODE)
  Relative segment, address: AC92 - AD8D (0xfc bytes), align: 1
  Segment part 73.            Intra module refs:   main_TerminalHandler
                                                   main_TerminalSetup
           ENTRY                   ADDRESS         REF BY
           =====                   =======         ======
           main_SetupScreen        AC92 
               calls direct
               CSTACK = 00000000 ( 00000004 )
    -------------------------------------------------------------------------
<CODE> 1 (was CODE)
  Relative segment, address: B38C - B41F (0x94 bytes), align: 1
  Segment part 69.            Intra module refs:   main_TerminalHandler
           ENTRY                   ADDRESS         REF BY
           =====                   =======         ======
           main_ShowHelpScreen     B38C 
               calls direct
               CSTACK = 00000000 ( 00000004 )
    -------------------------------------------------------------------------
<CODE> 1 (was CODE)
  Relative segment, address: AE82 - AF59 (0xd8 bytes), align: 1
  Segment part 72.            Intra module refs:   main_TerminalHandler
                                                   main_TerminalSetup
           ENTRY                   ADDRESS         REF BY
           =====                   =======         ======
           main_UpdateScreen       AE82 
               calls direct
               CSTACK = 00000000 ( 00000002 )
    -------------------------------------------------------------------------
<CODE> 1 (was CODE)
  Relative segment, address: B542 - B5D1 (0x90 bytes), align: 1
  Segment part 67.            Intra module refs:   main_TerminalHandler
           ENTRY                   ADDRESS         REF BY
           =====                   =======         ======
           main_EnterPWMValue      B542 
               calls direct
               CSTACK = 00000000 ( 0000000C )
    -------------------------------------------------------------------------
<CODE> 1 (was CODE)
  Relative segment, address: BC30 - BC6D (0x3e bytes), align: 1
  Segment part 65.            Intra module refs:   main_TerminalHandler
           ENTRY                   ADDRESS         REF BY
           =====                   =======         ======
           main_NextPWMMode        BC30 
               CSTACK = 00000000 ( 00000002 )
    -------------------------------------------------------------------------
<CODE> 1 (was CODE)
  Relative segment, address: B9B2 - B9FF (0x4e bytes), align: 1
  Segment part 76.            Intra module refs:   main
           ENTRY                   ADDRESS         REF BY
           =====                   =======         ======
           main_SetDefaults        B9B2 
               CSTACK = 00000000 ( 00000004 )
    -------------------------------------------------------------------------
<CODE> 1 (was CODE)
  Relative segment, address: C440 - C453 (0x14 bytes), align: 1
  Segment part 75.            Intra module refs:   main
           ENTRY                   ADDRESS         REF BY
           =====                   =======         ======
           main_TerminalSetup      C440 
               calls direct
               CSTACK = 00000000 ( 00000002 )
    -------------------------------------------------------------------------
<CODE> 1 (was CODE)
  Relative segment, address: AA5E - AB79 (0x11c bytes), align: 1
  Segment part 74.            Intra module refs:   main
           ENTRY                   ADDRESS         REF BY
           =====                   =======         ======
           main_TerminalHandler    AA5E 
               calls direct
               CSTACK = 00000000 ( 00000002 )
    -------------------------------------------------------------------------
<CODE> 1 (was CODE)
  Relative segment, address: A420 - A56F (0x150 bytes), align: 1
  Segment part 78.
           ENTRY                   ADDRESS         REF BY
           =====                   =======         ======
           main                    A420            Segment part 17 (?cstart)
               calls direct
               CSTACK = 00000000 ( 00000002 )
    -------------------------------------------------------------------------
DATA16_C
  Relative segment, address: 8020 - 8028 (0x9 bytes), align: 0
  Segment part 2.             Intra module refs:   main_GotoXY
    -------------------------------------------------------------------------
DATA16_C
  Relative segment, address: 8029 - 8033 (0xb bytes), align: 0
  Segment part 3.             Intra module refs:   main_PrintPWMLine
    -------------------------------------------------------------------------
DATA16_C
  Relative segment, address: 8034 - 8039 (0x6 bytes), align: 0
  Segment part 4.             Intra module refs:   main_PrintPWMLine
    -------------------------------------------------------------------------
DATA16_C
  Relative segment, address: 803A - 8041 (0x8 bytes), align: 0
  Segment part 5.             Intra module refs:   main_PrintPWMLine
    -------------------------------------------------------------------------
DATA16_C
  Relative segment, address: 8042 - 8048 (0x7 bytes), align: 0
  Segment part 6.             Intra module refs:   main_PrintPWMLine
    -------------------------------------------------------------------------
DATA16_C
  Relative segment, address: 8049 - 8051 (0x9 bytes), align: 0
  Segment part 7.             Intra module refs:   main_PrintPWMLine
    -------------------------------------------------------------------------
DATA16_C
  Relative segment, address: 8052 - 8059 (0x8 bytes), align: 0
  Segment part 8.             Intra module refs:   main_PrintPWMLine
    -------------------------------------------------------------------------
DATA16_C
  Relative segment, address: 805A - 8061 (0x8 bytes), align: 0
  Segment part 9.             Intra module refs:   main_PrintPWMLine
    -------------------------------------------------------------------------
DATA16_C
  Relative segment, address: 8062 - 8069 (0x8 bytes), align: 0
  Segment part 10.            Intra module refs:   main_PrintPWMLine
    -------------------------------------------------------------------------
DATA16_C
  Relative segment, address: 806A - 8071 (0x8 bytes), align: 0
  Segment part 11.            Intra module refs:   main_PrintPWMLine
    -------------------------------------------------------------------------
DATA16_C
  Relative segment, address: 8072 - 8077 (0x6 bytes), align: 0
  Segment part 12.            Intra module refs:   main_PrintADCLine
    -------------------------------------------------------------------------
DATA16_C
  Relative segment, address: 8078 - 807E (0x7 bytes), align: 0
  Segment part 13.            Intra module refs:   main_PrintADCLine
    -------------------------------------------------------------------------
DATA16_C
  Relative segment, address: 807F - 8083 (0x5 bytes), align: 0
  Segment part 14.            Intra module refs:   main_PrintADCLine
    -------------------------------------------------------------------------
DATA16_C
  Relative segment, address: 8084 - 8089 (0x6 bytes), align: 0
  Segment part 15.            Intra module refs:   main_PrintADCLine
    -------------------------------------------------------------------------
DATA16_C
  Relative segment, address: 808A - 80BB (0x32 bytes), align: 0
  Segment part 16.            Intra module refs:   main_NewScreen
    -------------------------------------------------------------------------
DATA16_C
  Relative segment, address: 80BC - 80F0 (0x35 bytes), align: 0
  Segment part 17.            Intra module refs:   main_SetupScreen
    -------------------------------------------------------------------------
DATA16_C
  Relative segment, address: 80F1 - 8126 (0x36 bytes), align: 0
  Segment part 18.            Intra module refs:   main_SetupScreen
    -------------------------------------------------------------------------
DATA16_C
  Relative segment, address: 8127 - 815C (0x36 bytes), align: 0
  Segment part 19.            Intra module refs:   main_SetupScreen
    -------------------------------------------------------------------------
DATA16_C
  Relative segment, address: 815D - 8192 (0x36 bytes), align: 0
  Segment part 20.            Intra module refs:   main_SetupScreen
    -------------------------------------------------------------------------
DATA16_C
  Relative segment, address: 8193 - 81C8 (0x36 bytes), align: 0
  Segment part 21.            Intra module refs:   main_SetupScreen
    -------------------------------------------------------------------------
DATA16_C
  Relative segment, address: 81C9 - 81FE (0x36 bytes), align: 0
  Segment part 22.            Intra module refs:   main_SetupScreen
    -------------------------------------------------------------------------
DATA16_C
  Relative segment, address: 81FF - 8234 (0x36 bytes), align: 0
  Segment part 23.            Intra module refs:   main_SetupScreen
    -------------------------------------------------------------------------
DATA16_C
  Relative segment, address: 8235 - 8237 (0x3 bytes), align: 0
  Segment part 24.            Intra module refs:   main_SetupScreen
                                                   main_ShowHelpScreen
    -------------------------------------------------------------------------
DATA16_C
  Relative segment, address: 8238 - 8279 (0x42 bytes), align: 0
  Segment part 25.            Intra module refs:   main_SetupScreen
    -------------------------------------------------------------------------
DATA16_C
  Relative segment, address: 827A - 82BB (0x42 bytes), align: 0
  Segment part 26.            Intra module refs:   main_SetupScreen
    -------------------------------------------------------------------------
DATA16_C
  Relative segment, address: 82BC - 82FD (0x42 bytes), align: 0
  Segment part 27.            Intra module refs:   main_SetupScreen
    -------------------------------------------------------------------------
DATA16_C
  Relative segment, address: 82FE - 833F (0x42 bytes), align: 0
  Segment part 28.            Intra module refs:   main_SetupScreen
    -------------------------------------------------------------------------
DATA16_C
  Relative segment, address: 8340 - 8381 (0x42 bytes), align: 0
  Segment part 29.            Intra module refs:   main_SetupScreen
    -------------------------------------------------------------------------
DATA16_C
  Relative segment, address: 8382 - 83C3 (0x42 bytes), align: 0
  Segment part 30.            Intra module refs:   main_SetupScreen
    -------------------------------------------------------------------------
DATA16_C
  Relative segment, address: 83C4 - 8405 (0x42 bytes), align: 0
  Segment part 31.            Intra module refs:   main_SetupScreen
    -------------------------------------------------------------------------
DATA16_C
  Relative segment, address: 8406 - 8447 (0x42 bytes), align: 0
  Segment part 32.            Intra module refs:   main_SetupScreen
    -------------------------------------------------------------------------
DATA16_C
  Relative segment, address: 8448 - 8489 (0x42 bytes), align: 0
  Segment part 33.            Intra module refs:   main_SetupScreen
    -------------------------------------------------------------------------
DATA16_C
  Relative segment, address: 848A - 84CB (0x42 bytes), align: 0
  Segment part 34.            Intra module refs:   main_SetupScreen
    -------------------------------------------------------------------------
DATA16_C
  Relative segment, address: 84CC - 850D (0x42 bytes), align: 0
  Segment part 35.            Intra module refs:   main_SetupScreen
    -------------------------------------------------------------------------
DATA16_C
  Relative segment, address: 850E - 854F (0x42 bytes), align: 0
  Segment part 36.            Intra module refs:   main_SetupScreen
    -------------------------------------------------------------------------
DATA16_C
  Relative segment, address: 8550 - 8591 (0x42 bytes), align: 0
  Segment part 37.            Intra module refs:   main_SetupScreen
    -------------------------------------------------------------------------
DATA16_C
  Relative segment, address: 8592 - 85D3 (0x42 bytes), align: 0
  Segment part 38.            Intra module refs:   main_SetupScreen
    -------------------------------------------------------------------------
DATA16_C
  Relative segment, address: 85D4 - 8615 (0x42 bytes), align: 0
  Segment part 39.            Intra module refs:   main_SetupScreen
    -------------------------------------------------------------------------
DATA16_C
  Relative segment, address: 8616 - 8657 (0x42 bytes), align: 0
  Segment part 40.            Intra module refs:   main_SetupScreen
    -------------------------------------------------------------------------
DATA16_C
  Relative segment, address: 8658 - 8699 (0x42 bytes), align: 0
  Segment part 41.            Intra module refs:   main_SetupScreen
    -------------------------------------------------------------------------
DATA16_C
  Relative segment, address: 869A - 86DB (0x42 bytes), align: 0
  Segment part 42.            Intra module refs:   main_SetupScreen
    -------------------------------------------------------------------------
DATA16_C
  Relative segment, address: 86DC - 871D (0x42 bytes), align: 0
  Segment part 43.            Intra module refs:   main_SetupScreen
    -------------------------------------------------------------------------
DATA16_C
  Relative segment, address: 871E - 875F (0x42 bytes), align: 0
  Segment part 44.            Intra module refs:   main_SetupScreen
    -------------------------------------------------------------------------
DATA16_C
  Relative segment, address: 8760 - 878D (0x2e bytes), align: 0
  Segment part 45.            Intra module refs:   main_SetupScreen
    -------------------------------------------------------------------------
DATA16_C
  Relative segment, address: 878E - 8798 (0xb bytes), align: 0
  Segment part 46.            Intra module refs:   main_ShowHelpScreen
    -------------------------------------------------------------------------
DATA16_C
  Relative segment, address: 8799 - 87C6 (0x2e bytes), align: 0
  Segment part 47.            Intra module refs:   main_ShowHelpScreen
    -------------------------------------------------------------------------
DATA16_C
  Relative segment, address: 87C7 - 87FF (0x39 bytes), align: 0
  Segment part 48.            Intra module refs:   main_ShowHelpScreen
    -------------------------------------------------------------------------
DATA16_C
  Relative segment, address: 8800 - 8838 (0x39 bytes), align: 0
  Segment part 49.            Intra module refs:   main_ShowHelpScreen
    -------------------------------------------------------------------------
DATA16_C
  Relative segment, address: 8839 - 8871 (0x39 bytes), align: 0
  Segment part 50.            Intra module refs:   main_ShowHelpScreen
    -------------------------------------------------------------------------
DATA16_C
  Relative segment, address: 8872 - 88AA (0x39 bytes), align: 0
  Segment part 51.            Intra module refs:   main_ShowHelpScreen
    -------------------------------------------------------------------------
DATA16_C
  Relative segment, address: 88AB - 88E3 (0x39 bytes), align: 0
  Segment part 52.            Intra module refs:   main_ShowHelpScreen
    -------------------------------------------------------------------------
DATA16_C
  Relative segment, address: 88E4 - 891C (0x39 bytes), align: 0
  Segment part 53.            Intra module refs:   main_ShowHelpScreen
    -------------------------------------------------------------------------
DATA16_C
  Relative segment, address: 891D - 8955 (0x39 bytes), align: 0
  Segment part 54.            Intra module refs:   main_ShowHelpScreen
    -------------------------------------------------------------------------
DATA16_C
  Relative segment, address: 8956 - 898E (0x39 bytes), align: 0
  Segment part 55.            Intra module refs:   main_ShowHelpScreen
    -------------------------------------------------------------------------
DATA16_C
  Relative segment, address: 898F - 89C7 (0x39 bytes), align: 0
  Segment part 56.            Intra module refs:   main_ShowHelpScreen
    -------------------------------------------------------------------------
DATA16_C
  Relative segment, address: 89C8 - 89F3 (0x2c bytes), align: 0
  Segment part 57.            Intra module refs:   main_ShowHelpScreen
    -------------------------------------------------------------------------
DATA16_C
  Relative segment, address: 89F4 - 89F9 (0x6 bytes), align: 0
  Segment part 58.            Intra module refs:   main_EnterPWMValue

    *************************************************************************

  FILE NAME : C:\Users\lck13\OneDrive\문서\_1_CK_PROJECKT\SOURCE\elmos\elmos\e521.31\52131leddemo_v1.0.2_src\52131LEDDemo\Debug\Obj\mod_adc.r43
  PROGRAM MODULE, NAME : mod_adc

  SEGMENTS IN THE MODULE
  ======================
DATA16_Z
  Relative segment, address: 0C4E - 0CED (0xa0 bytes), align: 1
  Segment part 2.             Intra module refs:   adc_GetCurrentValue
                                                   adc_IRQHandlerDMACopy
                                                   adc_Init
           ENTRY                   ADDRESS         REF BY
           =====                   =======         ======
           adc_DMAArea             0C4E 
    -------------------------------------------------------------------------
DATA16_Z
  Relative segment, address: 0CEE - 0D6D (0x80 bytes), align: 1
  Segment part 3.             Intra module refs:   adc_GetOnPhaseValue
                                                   adc_IRQHandlerDMACopy
                                                   adc_Init
                                                   adc_SetCurrentSampleType
           ENTRY                   ADDRESS         REF BY
           =====                   =======         ======
           adc_OnPhaseValues       0CEE 
    -------------------------------------------------------------------------
DATA16_Z
  Relative segment, address: 0D6E - 0DED (0x80 bytes), align: 1
  Segment part 4.             Intra module refs:   adc_GetOffPhaseValue
                                                   adc_IRQHandlerDMACopy
                                                   adc_Init
                                                   adc_SetCurrentSampleType
           ENTRY                   ADDRESS         REF BY
           =====                   =======         ======
           adc_OffPhaseValues      0D6E 
    -------------------------------------------------------------------------
DATA16_Z
  Relative segment, address: 0E7A - 0E7D (0x4 bytes), align: 0
  Segment part 5.             Intra module refs:   adc_IRQHandlerDMACopy
                                                   adc_Init
                                                   adc_SetCurrentSampleType
           LOCAL                   ADDRESS         
           =====                   =======         
           adc_CurrentSampleType   0E7A 
    -------------------------------------------------------------------------
DATA16_Z
  Relative segment, address: 0E7E - 0E81 (0x4 bytes), align: 0
  Segment part 6.             Intra module refs:   adc_IRQHandlerDMACopy
                                                   adc_Init
                                                   adc_SetCurrentSampleType
           LOCAL                   ADDRESS         
           =====                   =======         
           adc_CurrentSampleEnabled
                                   0E7E 
    -------------------------------------------------------------------------
<CODE> 1 (was CODE)
  Relative segment, address: B244 - B2E7 (0xa4 bytes), align: 1
  Segment part 12.            Intra module refs:   adc_Init
           ENTRY                   ADDRESS         REF BY
           =====                   =======         ======
           adc_IRQHandlerDMACopy   B244 
               CSTACK = 00000000 ( 00000008 )
    -------------------------------------------------------------------------
<CODE> 1 (was CODE)
  Relative segment, address: B4B2 - B541 (0x90 bytes), align: 1
  Segment part 11.
           ENTRY                   ADDRESS         REF BY
           =====                   =======         ======
           adc_SetCurrentSampleType
                                   B4B2            pwm_IRQHandlerPeriod (mod_pwm)
               calls direct
               CSTACK = 00000000 ( 00000008 )
    -------------------------------------------------------------------------
<CODE> 1 (was CODE)
  Relative segment, address: AB7A - AC91 (0x118 bytes), align: 1
  Segment part 10.
           ENTRY                   ADDRESS         REF BY
           =====                   =======         ======
           adc_Init                AB7A            main_Init (main)
               calls direct
               CSTACK = 00000000 ( 00000004 )
    -------------------------------------------------------------------------
<CODE> 1 (was CODE)
  Relative segment, address: C454 - C467 (0x14 bytes), align: 1
  Segment part 9.
           ENTRY                   ADDRESS         REF BY
           =====                   =======         ======
           adc_GetCurrentValue     C454            main_PrintADCLine (main)
               CSTACK = 00000000 ( 00000002 )
    -------------------------------------------------------------------------
<CODE> 1 (was CODE)
  Relative segment, address: C196 - C1BB (0x26 bytes), align: 1
  Segment part 8.
           ENTRY                   ADDRESS         REF BY
           =====                   =======         ======
           adc_GetOnPhaseValue     C196            main_PrintADCLine (main)
               CSTACK = 00000000 ( 00000002 )
    -------------------------------------------------------------------------
<CODE> 1 (was CODE)
  Relative segment, address: C1BC - C1E1 (0x26 bytes), align: 1
  Segment part 7.
           ENTRY                   ADDRESS         REF BY
           =====                   =======         ======
           adc_GetOffPhaseValue    C1BC            main_PrintADCLine (main)
               CSTACK = 00000000 ( 00000002 )

    *************************************************************************

  FILE NAME : C:\Users\lck13\OneDrive\문서\_1_CK_PROJECKT\SOURCE\elmos\elmos\e521.31\52131leddemo_v1.0.2_src\52131LEDDemo\Debug\Obj\mod_gpio.r43
  PROGRAM MODULE, NAME : mod_gpio

  SEGMENTS IN THE MODULE
  ======================
<CODE> 1 (was CODE)
  Relative segment, address: BB26 - BB69 (0x44 bytes), align: 1
  Segment part 3.
           ENTRY                   ADDRESS         REF BY
           =====                   =======         ======
           gpio_Init               BB26            main_Init (main)
               calls direct
               CSTACK = 00000000 ( 00000002 )

    *************************************************************************

  FILE NAME : C:\Users\lck13\OneDrive\문서\_1_CK_PROJECKT\SOURCE\elmos\elmos\e521.31\52131leddemo_v1.0.2_src\52131LEDDemo\Debug\Obj\mod_hvctrl.r43
  PROGRAM MODULE, NAME : mod_hvctrl

  SEGMENTS IN THE MODULE
  ======================
<CODE> 1 (was CODE)
  Relative segment, address: C044 - C06F (0x2c bytes), align: 1
  Segment part 3.             Intra module refs:   hvctrl_Init
           ENTRY                   ADDRESS         REF BY
           =====                   =======         ======
           hvctrl_SetLINConfig     C044 
               calls direct
               CSTACK = 00000000 ( 00000002 )
    -------------------------------------------------------------------------
<CODE> 1 (was CODE)
  Relative segment, address: BD5E - BD95 (0x38 bytes), align: 1
  Segment part 2.             Intra module refs:   hvctrl_Init
           ENTRY                   ADDRESS         REF BY
           =====                   =======         ======
           hvctrl_SetLEDDrv        BD5E            main_TerminalHandler (main)
               calls direct
               CSTACK = 00000000 ( 00000002 )
    -------------------------------------------------------------------------
<CODE> 1 (was CODE)
  Relative segment, address: BECE - BEFD (0x30 bytes), align: 1
  Segment part 4.
           ENTRY                   ADDRESS         REF BY
           =====                   =======         ======
           hvctrl_Init             BECE            main_Init (main)
               calls direct
               CSTACK = 00000000 ( 00000002 )

    *************************************************************************

  FILE NAME : C:\Users\lck13\OneDrive\문서\_1_CK_PROJECKT\SOURCE\elmos\elmos\e521.31\52131leddemo_v1.0.2_src\52131LEDDemo\Debug\Obj\mod_pwm.r43
  PROGRAM MODULE, NAME : mod_pwm

  SEGMENTS IN THE MODULE
  ======================
DATA16_Z
  Relative segment, address: 0DEE - 0DF5 (0x8 bytes), align: 1
  Segment part 2.             Intra module refs:   pwm_GetStartTick
                                                   pwm_Init
                                                   pwm_ScheduleOnPhases
           LOCAL                   ADDRESS         
           =====                   =======         
           pwm_Start               0DEE 
    -------------------------------------------------------------------------
DATA16_Z
  Relative segment, address: 0DF6 - 0DFD (0x8 bytes), align: 1
  Segment part 3.             Intra module refs:   pwm_GetOnPhase
                                                   pwm_Init
                                                   pwm_ScheduleOnPhases
                                                   pwm_SetAllOnPhases
           LOCAL                   ADDRESS         
           =====                   =======         
           pwm_OnPhase             0DF6 
    -------------------------------------------------------------------------
DATA16_Z
  Relative segment, address: 0DFE - 0E05 (0x8 bytes), align: 1
  Segment part 4.             Intra module refs:   pwm_GetOnSampleTick
                                                   pwm_IRQHandlerPeriod
                                                   pwm_Init
                                                   pwm_ScheduleOnPhases
           LOCAL                   ADDRESS         
           =====                   =======         
           pwm_OnSample            0DFE 
    -------------------------------------------------------------------------
DATA16_Z
  Relative segment, address: 0E06 - 0E0D (0x8 bytes), align: 1
  Segment part 5.             Intra module refs:   pwm_GetOffSampleTick
                                                   pwm_IRQHandlerPeriod
                                                   pwm_Init
                                                   pwm_ScheduleOnPhases
           LOCAL                   ADDRESS         
           =====                   =======         
           pwm_OffSample           0E06 
    -------------------------------------------------------------------------
DATA16_Z
  Relative segment, address: 0E82 - 0E85 (0x4 bytes), align: 0
  Segment part 6.             Intra module refs:   pwm_IRQHandlerPeriod
                                                   pwm_Init
                                                   pwm_ScheduleOnPhases
           LOCAL                   ADDRESS         
           =====                   =======         
           pwm_NextSampleType      0E82 
    -------------------------------------------------------------------------
<CODE> 1 (was CODE)
  Relative segment, address: C558 - C569 (0x12 bytes), align: 1
  Segment part 12.            Intra module refs:   pwm_ScheduleOnPhases
           LOCAL                   ADDRESS         
           =====                   =======         
           pwm_CalcOnSampleTime    C558 
               CSTACK = 00000000 ( 00000002 )
    -------------------------------------------------------------------------
<CODE> 1 (was CODE)
  Relative segment, address: BEFE - BF2D (0x30 bytes), align: 1
  Segment part 11.            Intra module refs:   pwm_ScheduleOnPhases
           LOCAL                   ADDRESS         
           =====                   =======         
           pwm_CalcOffSampleTime   BEFE 
               CSTACK = 00000000 ( 00000002 )
    -------------------------------------------------------------------------
<CODE> 1 (was CODE)
  Relative segment, address: 8F40 - 91B7 (0x278 bytes), align: 1
  Segment part 13.            Intra module refs:   pwm_Init
                                                   pwm_SetAllOnPhases
           LOCAL                   ADDRESS         
           =====                   =======         
           pwm_ScheduleOnPhases    8F40 
               calls direct
               CSTACK = 00000000 ( 00000022 )
    -------------------------------------------------------------------------
<CODE> 1 (was CODE)
  Relative segment, address: B2E8 - B38B (0xa4 bytes), align: 1
  Segment part 17.            Intra module refs:   pwm_Init
           ENTRY                   ADDRESS         REF BY
           =====                   =======         ======
           pwm_IRQHandlerPeriod    B2E8 
               calls direct
               CSTACK = 00000000 ( 00000006 )
    -------------------------------------------------------------------------
<CODE> 1 (was CODE)
  Relative segment, address: 966A - 9859 (0x1f0 bytes), align: 1
  Segment part 16.
           ENTRY                   ADDRESS         REF BY
           =====                   =======         ======
           pwm_Init                966A            main_Init (main)
               calls direct
               CSTACK = 00000000 ( 00000002 )
    -------------------------------------------------------------------------
<CODE> 1 (was CODE)
  Relative segment, address: BCEA - BD25 (0x3c bytes), align: 1
  Segment part 14.
           ENTRY                   ADDRESS         REF BY
           =====                   =======         ======
           pwm_SetAllOnPhases      BCEA            main (main)
               calls direct
               CSTACK = 00000000 ( 00000002 )
    -------------------------------------------------------------------------
<CODE> 1 (was CODE)
  Relative segment, address: BFBA - BFE7 (0x2e bytes), align: 1
  Segment part 10.
           ENTRY                   ADDRESS         REF BY
           =====                   =======         ======
           pwm_GetOnPhase          BFBA            main_PrintPWMLine (main)
               CSTACK = 00000000 ( 00000002 )
    -------------------------------------------------------------------------
<CODE> 1 (was CODE)
  Relative segment, address: BFE8 - C015 (0x2e bytes), align: 1
  Segment part 9.
           ENTRY                   ADDRESS         REF BY
           =====                   =======         ======
           pwm_GetStartTick        BFE8            main_PrintPWMLine (main)
               CSTACK = 00000000 ( 00000002 )
    -------------------------------------------------------------------------
<CODE> 1 (was CODE)
  Relative segment, address: C016 - C043 (0x2e bytes), align: 1
  Segment part 8.
           ENTRY                   ADDRESS         REF BY
           =====                   =======         ======
           pwm_GetOnSampleTick     C016            main_PrintPWMLine (main)
               CSTACK = 00000000 ( 00000002 )
    -------------------------------------------------------------------------
<CODE> 1 (was CODE)
  Relative segment, address: BF8C - BFB9 (0x2e bytes), align: 1
  Segment part 7.
           ENTRY                   ADDRESS         REF BY
           =====                   =======         ======
           pwm_GetOffSampleTick    BF8C            main_PrintPWMLine (main)
               CSTACK = 00000000 ( 00000002 )

    *************************************************************************

  FILE NAME : C:\Users\lck13\OneDrive\문서\_1_CK_PROJECKT\SOURCE\elmos\elmos\e521.31\52131leddemo_v1.0.2_src\52131LEDDemo\Debug\Obj\mod_sci.r43
  PROGRAM MODULE, NAME : mod_sci

  SEGMENTS IN THE MODULE
  ======================
<CODE> 1 (was CODE)
  Relative segment, address: BAE2 - BB25 (0x44 bytes), align: 1
  Segment part 6.
           ENTRY                   ADDRESS         REF BY
           =====                   =======         ======
           stdio_Init              BAE2            main_Init (main)
               calls direct
               CSTACK = 00000000 ( 00000004 )
    -------------------------------------------------------------------------
<CODE> 1 (was CODE)
  Relative segment, address: C28A - C2A7 (0x1e bytes), align: 1
  Segment part 5.
           ENTRY                   ADDRESS         REF BY
           =====                   =======         ======
           stdio_GetCharNonBlk     C28A            main_EnterPWMValue (main)
                                                   main_TerminalHandler (main)
               calls direct
               CSTACK = 00000000 ( 00000004 )
    -------------------------------------------------------------------------
<CODE> 1 (was CODE)
  Relative segment, address: C26C - C289 (0x1e bytes), align: 1
  Segment part 3.             Intra module refs:   stdio_GetLine
           ENTRY                   ADDRESS         REF BY
           =====                   =======         ======
           stdio_GetChar           C26C            main_TerminalHandler (main)
               calls direct
               CSTACK = 00000000 ( 00000004 )
    -------------------------------------------------------------------------
<CODE> 1 (was CODE)
  Relative segment, address: B758 - B7C7 (0x70 bytes), align: 1
  Segment part 4.
           ENTRY                   ADDRESS         REF BY
           =====                   =======         ======
           stdio_GetLine           B758            main_EnterPWMValue (main)
               calls direct
               CSTACK = 00000000 ( 0000000C )
    -------------------------------------------------------------------------
<CODE> 1 (was CODE)
  Relative segment, address: C6C0 - C6C9 (0xa bytes), align: 1
  Segment part 2.             Intra module refs:   stdio_GetLine
           ENTRY                   ADDRESS         REF BY
           =====                   =======         ======
           stdio_PutChar           C6C0            __write (?__write)
               calls direct
               CSTACK = 00000000 ( 00000002 )

    *************************************************************************

  FILE NAME : C:\Users\lck13\OneDrive\문서\_1_CK_PROJECKT\SOURCE\elmos\elmos\e521.31\52131leddemo_v1.0.2_src\52131LEDDemo\Debug\Obj\mod_swt.r43
  PROGRAM MODULE, NAME : mod_swt

  SEGMENTS IN THE MODULE
  ======================
DATA16_Z
  Relative segment, address: 0E0E - 0E11 (0x4 bytes), align: 1
  Segment part 2.             Intra module refs:   swt_IRQHandler
                                                   swt_Init
           LOCAL                   ADDRESS         
           =====                   =======         
           swt_TickCount           0E0E 
    -------------------------------------------------------------------------
DATA16_Z
  Relative segment, address: 0E12 - 0E25 (0x14 bytes), align: 1
  Segment part 3.             Intra module refs:   swt_IRQHandler
                                                   swt_Init
                                                   swt_IsCountDownTimerZero
                                                   swt_SetCountDownTimer
           LOCAL                   ADDRESS         
           =====                   =======         
           swt_Timers              0E12 
    -------------------------------------------------------------------------
<CODE> 1 (was CODE)
  Relative segment, address: B962 - B9B1 (0x50 bytes), align: 1
  Segment part 13.            Intra module refs:   swt_Init
           ENTRY                   ADDRESS         REF BY
           =====                   =======         ======
           swt_IRQHandler          B962 
               CSTACK = 00000000 ( 00000002 )
    -------------------------------------------------------------------------
<CODE> 1 (was CODE)
  Relative segment, address: B838 - B8A5 (0x6e bytes), align: 1
  Segment part 12.
           ENTRY                   ADDRESS         REF BY
           =====                   =======         ======
           swt_Init                B838            main_Init (main)
               calls direct
               CSTACK = 00000000 ( 00000002 )
    -------------------------------------------------------------------------
<CODE> 1 (was CODE)
  Relative segment, address: C3EE - C403 (0x16 bytes), align: 1
  Segment part 9.
           ENTRY                   ADDRESS         REF BY
           =====                   =======         ======
           swt_SetCountDownTimer   C3EE            main (main)
                                                   main_TerminalHandler (main)
                                                   main_TerminalSetup (main)
               CSTACK = 00000000 ( 00000002 )
    -------------------------------------------------------------------------
<CODE> 1 (was CODE)
  Relative segment, address: C1E2 - C205 (0x24 bytes), align: 1
  Segment part 8.
           ENTRY                   ADDRESS         REF BY
           =====                   =======         ======
           swt_IsCountDownTimerZero
                                   C1E2            main (main)
                                                   main_TerminalHandler (main)
               CSTACK = 00000000 ( 00000002 )

    *************************************************************************

  FILE NAME : C:\Users\lck13\OneDrive\문서\_1_CK_PROJECKT\SOURCE\elmos\elmos\e521.31\52131leddemo_v1.0.2_src\52131LEDDemo\Debug\Obj\mod_sys.r43
  PROGRAM MODULE, NAME : mod_sys

  SEGMENTS IN THE MODULE
  ======================
<CODE> 1 (was CODE)
  Relative segment, address: C3AC - C3C1 (0x16 bytes), align: 1
  Segment part 2.
           ENTRY                   ADDRESS         REF BY
           =====                   =======         ======
           sys_Init                C3AC            main_Init (main)
               calls direct
               CSTACK = 00000000 ( 00000002 )

    *************************************************************************

  FILE NAME : C:\Users\lck13\OneDrive\문서\_1_CK_PROJECKT\SOURCE\elmos\elmos\e521.31\52131leddemo_v1.0.2_src\52131LEDDemo\Debug\Obj\pwm.r43
  PROGRAM MODULE, NAME : pwm

  SEGMENTS IN THE MODULE
  ======================
<CODE> 1 (was CODE)
  Relative segment, address: BE6C - BE9D (0x32 bytes), align: 1
  Segment part 14.
           ENTRY                   ADDRESS         REF BY
           =====                   =======         ======
           pwm_config_prescaler    BE6C            pwm_Init (mod_pwm)
               CSTACK = 00000000 ( 00000002 )
    -------------------------------------------------------------------------
<CODE> 1 (was CODE)
  Relative segment, address: C0F0 - C119 (0x2a bytes), align: 1
  Segment part 13.
           ENTRY                   ADDRESS         REF BY
           =====                   =======         ======
           pwm_config_period       C0F0            pwm_Init (mod_pwm)
               CSTACK = 00000000 ( 00000002 )
    -------------------------------------------------------------------------
<CODE> 1 (was CODE)
  Relative segment, address: C09C - C0C5 (0x2a bytes), align: 1
  Segment part 12.
           ENTRY                   ADDRESS         REF BY
           =====                   =======         ======
           pwm_config_start        C09C            pwm_Init (mod_pwm)
                                                   pwm_ScheduleOnPhases (mod_pwm)
               CSTACK = 00000000 ( 00000002 )
    -------------------------------------------------------------------------
<CODE> 1 (was CODE)
  Relative segment, address: C11A - C143 (0x2a bytes), align: 1
  Segment part 11.
           ENTRY                   ADDRESS         REF BY
           =====                   =======         ======
           pwm_config_stop         C11A            pwm_Init (mod_pwm)
                                                   pwm_ScheduleOnPhases (mod_pwm)
               CSTACK = 00000000 ( 00000002 )
    -------------------------------------------------------------------------
<CODE> 1 (was CODE)
  Relative segment, address: 9F6E - A12B (0x1be bytes), align: 1
  Segment part 10.
           ENTRY                   ADDRESS         REF BY
           =====                   =======         ======
           pwm_config_polarity     9F6E            pwm_Init (mod_pwm)
               CSTACK = 00000000 ( 00000004 )
    -------------------------------------------------------------------------
<CODE> 1 (was CODE)
  Relative segment, address: A6BA - A7FB (0x142 bytes), align: 1
  Segment part 9.
           ENTRY                   ADDRESS         REF BY
           =====                   =======         ======
           pwm_enable              A6BA            pwm_Init (mod_pwm)
               CSTACK = 00000000 ( 00000004 )
    -------------------------------------------------------------------------
<CODE> 1 (was CODE)
  Relative segment, address: C144 - C16D (0x2a bytes), align: 1
  Segment part 7.
           ENTRY                   ADDRESS         REF BY
           =====                   =======         ======
           pwm_set_trigger_delay   C144            pwm_IRQHandlerPeriod (mod_pwm)
                                                   pwm_Init (mod_pwm)
                                                   pwm_ScheduleOnPhases (mod_pwm)
               CSTACK = 00000000 ( 00000002 )
    -------------------------------------------------------------------------
<CODE> 1 (was CODE)
  Relative segment, address: 9A22 - 9BE7 (0x1c6 bytes), align: 1
  Segment part 6.
           ENTRY                   ADDRESS         REF BY
           =====                   =======         ======
           pwm_config_term         9A22            pwm_Init (mod_pwm)
               CSTACK = 00000000 ( 00000004 )
    -------------------------------------------------------------------------
<CODE> 1 (was CODE)
  Relative segment, address: 9BE8 - 9DAD (0x1c6 bytes), align: 1
  Segment part 5.
           ENTRY                   ADDRESS         REF BY
           =====                   =======         ======
           pwm_config_zero         9BE8            pwm_Init (mod_pwm)
               CSTACK = 00000000 ( 00000004 )
    -------------------------------------------------------------------------
DATA16_Z
  Relative segment, address: 0E26 - 0E3D (0x18 bytes), align: 1
  Segment part 2.             Intra module refs:   pwm_handler_init
           LOCAL                   ADDRESS         
           =====                   =======         
           callback                0E26 
    -------------------------------------------------------------------------
<CODE> 1 (was CODE)
  Relative segment, address: C42C - C43F (0x14 bytes), align: 1
  Segment part 3.
           ENTRY                   ADDRESS         REF BY
           =====                   =======         ======
           pwm_handler_init        C42C            pwm_Init (mod_pwm)
               calls direct
               CSTACK = 00000000 ( 00000002 )

    *************************************************************************

  FILE NAME : C:\Users\lck13\OneDrive\문서\_1_CK_PROJECKT\SOURCE\elmos\elmos\e521.31\52131leddemo_v1.0.2_src\52131LEDDemo\Debug\Obj\sci.r43
  PROGRAM MODULE, NAME : sci

  SEGMENTS IN THE MODULE
  ======================
<CODE> 1 (was CODE)
  Relative segment, address: BF2E - BF5D (0x30 bytes), align: 1
  Segment part 49.
           ENTRY                   ADDRESS         REF BY
           =====                   =======         ======
           _sci_set_config         BF2E            stdio_Init (mod_sci)
               CSTACK = 00000000 ( 00000002 )
    -------------------------------------------------------------------------
<CODE> 1 (was CODE)
  Relative segment, address: BE9E - BECD (0x30 bytes), align: 1
  Segment part 48.
           ENTRY                   ADDRESS         REF BY
           =====                   =======         ======
           _sci_reset_config       BE9E            stdio_Init (mod_sci)
               CSTACK = 00000000 ( 00000002 )
    -------------------------------------------------------------------------
<CODE> 1 (was CODE)
  Relative segment, address: C6D8 - C6DD (0x6 bytes), align: 1
  Segment part 47.
           ENTRY                   ADDRESS         REF BY
           =====                   =======         ======
           _sci_transmit           C6D8            stdio_PutChar (mod_sci)
               calls direct
               CSTACK = 00000000 ( 00000002 )
    -------------------------------------------------------------------------
<CODE> 1 (was CODE)
  Relative segment, address: BCAC - BCE9 (0x3e bytes), align: 1
  Segment part 45.            Intra module refs:   _sci_transmit
           ENTRY                   ADDRESS         REF BY
           =====                   =======         ======
           _sci_transmit_byte      BCAC 
               calls direct
               CSTACK = 00000000 ( 00000006 )
    -------------------------------------------------------------------------
<CODE> 1 (was CODE)
  Relative segment, address: BBAE - BBEF (0x42 bytes), align: 1
  Segment part 44.
           ENTRY                   ADDRESS         REF BY
           =====                   =======         ======
           _sci_receive_byte       BBAE            stdio_GetChar (mod_sci)
                                                   stdio_GetCharNonBlk (mod_sci)
               calls direct
               CSTACK = 00000000 ( 00000006 )
    -------------------------------------------------------------------------
<CODE> 1 (was CODE)
  Relative segment, address: C34E - C365 (0x18 bytes), align: 1
  Segment part 43.            Intra module refs:   _sci_receive_byte
                                                   _sci_transmit_byte
           ENTRY                   ADDRESS         REF BY
           =====                   =======         ======
           _sci_get_status         C34E 
               CSTACK = 00000000 ( 00000002 )
    -------------------------------------------------------------------------
<CODE> 1 (was CODE)
  Relative segment, address: 985A - 9A21 (0x1c8 bytes), align: 1
  Segment part 39.
           ENTRY                   ADDRESS         REF BY
           =====                   =======         ======
           _sci_set_auto_mode      985A            stdio_Init (mod_sci)
               CSTACK = 00000000 ( 00000004 )
    -------------------------------------------------------------------------
<CODE> 1 (was CODE)
  Relative segment, address: C37E - C395 (0x18 bytes), align: 1
  Segment part 34.
           ENTRY                   ADDRESS         REF BY
           =====                   =======         ======
           _sci_set_baud_rate      C37E            stdio_Init (mod_sci)
               CSTACK = 00000000 ( 00000002 )

    *************************************************************************

  FILE NAME : C:\Users\lck13\OneDrive\문서\_1_CK_PROJECKT\SOURCE\elmos\elmos\e521.31\52131leddemo_v1.0.2_src\52131LEDDemo\Debug\Obj\stdio_read.r43
    *************************************************************************

  FILE NAME : C:\Users\lck13\OneDrive\문서\_1_CK_PROJECKT\SOURCE\elmos\elmos\e521.31\52131leddemo_v1.0.2_src\52131LEDDemo\Debug\Obj\stdio_write.r43
  PROGRAM MODULE, NAME : ?__write

  SEGMENTS IN THE MODULE
  ======================
<CODE> 1 (was CODE)
  Relative segment, address: BD96 - BDCB (0x36 bytes), align: 1
  Segment part 2.
           ENTRY                   ADDRESS         REF BY
           =====                   =======         ======
           __write                 BD96            putchar (?putchar)
               calls direct
               CSTACK = 00000000 ( 00000008 )

    *************************************************************************

  FILE NAME : C:\Users\lck13\OneDrive\문서\_1_CK_PROJECKT\SOURCE\elmos\elmos\e521.31\52131leddemo_v1.0.2_src\52131LEDDemo\Debug\Obj\swtimer.r43
  PROGRAM MODULE, NAME : swtimer

  SEGMENTS IN THE MODULE
  ======================
<CODE> 1 (was CODE)
  Relative segment, address: C24C - C26B (0x20 bytes), align: 1
  Segment part 9.
           ENTRY                   ADDRESS         REF BY
           =====                   =======         ======
           swtimer_enable          C24C            swt_Init (mod_swt)
               CSTACK = 00000000 ( 00000002 )
    -------------------------------------------------------------------------
<CODE> 1 (was CODE)
  Relative segment, address: C22A - C24B (0x22 bytes), align: 1
  Segment part 8.
           ENTRY                   ADDRESS         REF BY
           =====                   =======         ======
           swtimer_autoreload_enable
                                   C22A            swt_Init (mod_swt)
               CSTACK = 00000000 ( 00000002 )
    -------------------------------------------------------------------------
<CODE> 1 (was CODE)
  Relative segment, address: C630 - C63D (0xe bytes), align: 1
  Segment part 7.
           ENTRY                   ADDRESS         REF BY
           =====                   =======         ======
           swtimer_set_counter_reload
                                   C630            swt_Init (mod_swt)
               CSTACK = 00000000 ( 00000002 )
    -------------------------------------------------------------------------
<CODE> 1 (was CODE)
  Relative segment, address: C63E - C64B (0xe bytes), align: 1
  Segment part 6.
           ENTRY                   ADDRESS         REF BY
           =====                   =======         ======
           swtimer_set_prescaler_reload
                                   C63E            swt_Init (mod_swt)
               CSTACK = 00000000 ( 00000002 )
    -------------------------------------------------------------------------
DATA16_Z
  Relative segment, address: 0E3E - 0E45 (0x8 bytes), align: 1
  Segment part 2.             Intra module refs:   swtimer_handler_init
           LOCAL                   ADDRESS         
           =====                   =======         
           callback                0E3E 
    -------------------------------------------------------------------------
<CODE> 1 (was CODE)
  Relative segment, address: C546 - C557 (0x12 bytes), align: 1
  Segment part 3.
           ENTRY                   ADDRESS         REF BY
           =====                   =======         ======
           swtimer_handler_init    C546            swt_Init (mod_swt)
               calls direct
               CSTACK = 00000000 ( 00000002 )

    *************************************************************************

  FILE NAME : C:\Users\lck13\OneDrive\문서\_1_CK_PROJECKT\SOURCE\elmos\elmos\e521.31\52131leddemo_v1.0.2_src\52131LEDDemo\Debug\Obj\sys_state.r43
  PROGRAM MODULE, NAME : sys_state

  SEGMENTS IN THE MODULE
  ======================
<CODE> 1 (was CODE)
  Relative segment, address: C366 - C37D (0x18 bytes), align: 1
  Segment part 14.
           ENTRY                   ADDRESS         REF BY
           =====                   =======         ======
           sys_state_module_enable
                                   C366            gpio_Init (mod_gpio)
                                                   stdio_Init (mod_sci)
               CSTACK = 00000000 ( 00000002 )
    -------------------------------------------------------------------------
<CODE> 1 (was CODE)
  Relative segment, address: B0E4 - B195 (0xb2 bytes), align: 1
  Segment part 13.
           ENTRY                   ADDRESS         REF BY
           =====                   =======         ======
           sys_state_set_io23      B0E4            sys_Init (mod_sys)
               CSTACK = 00000000 ( 00000004 )
    -------------------------------------------------------------------------
<CODE> 1 (was CODE)
  Relative segment, address: B8A6 - B90F (0x6a bytes), align: 1
  Segment part 12.
           ENTRY                   ADDRESS         REF BY
           =====                   =======         ======
           sys_state_set_sys_clk   B8A6            sys_Init (mod_sys)
               CSTACK = 00000000 ( 00000004 )

    *************************************************************************

  FILE NAME : C:\Users\lck13\OneDrive\문서\_1_CK_PROJECKT\SOURCE\elmos\elmos\e521.31\52131leddemo_v1.0.2_src\52131LEDDemo\Debug\Obj\utils.r43
  PROGRAM MODULE, NAME : utils

  SEGMENTS IN THE MODULE
  ======================
DATA16_C
  Relative segment, address: 8000 - 801F (0x20 bytes), align: 1
  Segment part 2.
           ENTRY                   ADDRESS         REF BY
           =====                   =======         ======
           onehot16                8000            swtimer_autoreload_enable (swtimer)
                                                   swtimer_enable (swtimer)
    -------------------------------------------------------------------------
<CODE> 1 (was CODE)
  Relative segment, address: C47C - C48F (0x14 bytes), align: 1
  Segment part 4.
           ENTRY                   ADDRESS         REF BY
           =====                   =======         ======
           memcpy                  C47C            Segment part 13 (?xprintflarge)
                                                   _GenldLarge (?xprintflarge)
                                                   _LdtobLarge (?xprintflarge)
                                                   __data16_memcpy (?memzero)
               CSTACK = 00000000 ( 00000002 )
    -------------------------------------------------------------------------
<CODE> 1 (was CODE)
  Relative segment, address: C4C8 - C4D9 (0x12 bytes), align: 1
  Segment part 3.
           ENTRY                   ADDRESS         REF BY
           =====                   =======         ======
           strlen                  C4C8            _PrintfLarge (?xprintflarge)
                                                   main_EnterPWMValue (main)
               CSTACK = 00000000 ( 00000002 )

    *************************************************************************

  FILE NAME : C:\Users\lck13\OneDrive\문서\_1_CK_PROJECKT\SOURCE\elmos\elmos\e521.31\52131leddemo_v1.0.2_src\52131LEDDemo\Debug\Obj\vic.r43
  PROGRAM MODULE, NAME : vic

  SEGMENTS IN THE MODULE
  ======================
DATA16_Z
  Relative segment, address: 0E46 - 0E59 (0x14 bytes), align: 1
[...]
                | Stack used (prev) :  00000000
                | + function block  :  00000002
                |  Already listed
  06            __iar_Memchr
                | Stack used (prev) :  00000000
                | + function block  :  00000002
                |  Already listed
  06            strlen
                | Stack used (prev) :  00000032
                | + function block  :  00000002
  05          _PrintfLarge
              | Stack used (prev) :  0000009A
              | + function block  :  00000070
  04        printf
            | Stack used (prev) :  0000010A
            | + function block  :  00000004
  04        atoi
            | Stack used (prev) :  0000001E
            | + function block  :  00000002
            |  Already listed
  04        strlen
            | Stack used (prev) :  00000032
            | + function block  :  00000002
            |  Already listed
  05          stdio_PutChar
              | Stack used (prev) :  0000000A
              | + function block  :  00000002
              |  Already listed
  05          stdio_GetChar
              | Stack used (prev) :  00000038
              | + function block  :  00000004
              |  Already listed
  04        stdio_GetLine
            | Stack used (prev) :  0000003C
            | + function block  :  0000000C
  04        stdio_GetCharNonBlk
            | Stack used (prev) :  00000038
            | + function block  :  00000004
            |  Already listed
  05          printf
              | Stack used (prev) :  0000010A
              | + function block  :  00000004
              |  Already listed
  04        main_GotoXY
            | Stack used (prev) :  0000010E
            | + function block  :  00000006
  04        main_GotoXY
            | Stack used (prev) :  0000010E
            | + function block  :  00000006
            |  Already listed
  03      main_EnterPWMValue
          | Stack used (prev) :  00000114
          | + function block  :  0000000C
  03      main_EnterPWMValue
          | Stack used (prev) :  00000114
          | + function block  :  0000000C
          |  Already listed
  03      main_EnterPWMValue
          | Stack used (prev) :  00000114
          | + function block  :  0000000C
          |  Already listed
  03      main_EnterPWMValue
          | Stack used (prev) :  00000114
          | + function block  :  0000000C
          |  Already listed
  05          printf
              | Stack used (prev) :  0000010A
              | + function block  :  00000004
              |  Already listed
  05          adc_GetOffPhaseValue
              | Stack used (prev) :  00000032
              | + function block  :  00000002
  05          adc_GetOnPhaseValue
              | Stack used (prev) :  00000032
              | + function block  :  00000002
  05          adc_GetCurrentValue
              | Stack used (prev) :  00000032
              | + function block  :  00000002
  05          main_GotoXY
              | Stack used (prev) :  0000010E
              | + function block  :  00000006
              |  Already listed
  04        main_PrintADCLine
            | Stack used (prev) :  00000114
            | + function block  :  0000000A
  04        main_PrintADCLine
            | Stack used (prev) :  00000114
            | + function block  :  0000000A
            |  Already listed
  04        main_PrintADCLine
            | Stack used (prev) :  00000114
            | + function block  :  0000000A
            |  Already listed
  04        main_PrintADCLine
            | Stack used (prev) :  00000114
            | + function block  :  0000000A
            |  Already listed
  04        main_PrintADCLine
            | Stack used (prev) :  00000114
            | + function block  :  0000000A
            |  Already listed
  04        main_PrintADCLine
            | Stack used (prev) :  00000114
            | + function block  :  0000000A
            |  Already listed
  04        main_PrintADCLine
            | Stack used (prev) :  00000114
            | + function block  :  0000000A
            |  Already listed
  04        main_PrintADCLine
            | Stack used (prev) :  00000114
            | + function block  :  0000000A
            |  Already listed
  04        main_PrintADCLine
            | Stack used (prev) :  00000114
            | + function block  :  0000000A
            |  Already listed
  04        main_PrintADCLine
            | Stack used (prev) :  00000114
            | + function block  :  0000000A
            |  Already listed
  04        main_PrintADCLine
            | Stack used (prev) :  00000114
            | + function block  :  0000000A
            |  Already listed
  04        main_PrintADCLine
            | Stack used (prev) :  00000114
            | + function block  :  0000000A
            |  Already listed
  04        main_PrintADCLine
            | Stack used (prev) :  00000114
            | + function block  :  0000000A
            |  Already listed
  04        main_PrintADCLine
            | Stack used (prev) :  00000114
            | + function block  :  0000000A
            |  Already listed
  04        main_PrintADCLine
            | Stack used (prev) :  00000114
            | + function block  :  0000000A
            |  Already listed
  04        main_PrintADCLine
            | Stack used (prev) :  00000114
            | + function block  :  0000000A
            |  Already listed
  05          printf
              | Stack used (prev) :  0000010A
              | + function block  :  00000004
              |  Already listed
  05          pwm_GetOffSampleTick
              | Stack used (prev) :  00000032
              | + function block  :  00000002
  05          pwm_GetOnSampleTick
              | Stack used (prev) :  00000032
              | + function block  :  00000002
  05          pwm_GetStartTick
              | Stack used (prev) :  00000032
              | + function block  :  00000002
  05          pwm_GetOnPhase
              | Stack used (prev) :  00000032
              | + function block  :  00000002
  05          main_GotoXY
              | Stack used (prev) :  0000010E
              | + function block  :  00000006
              |  Already listed
  04        main_PrintPWMLine
            | Stack used (prev) :  00000114
            | + function block  :  00000008
  04        main_PrintPWMLine
            | Stack used (prev) :  00000114
            | + function block  :  00000008
            |  Already listed
  04        main_PrintPWMLine
            | Stack used (prev) :  00000114
            | + function block  :  00000008
            |  Already listed
  04        main_PrintPWMLine
            | Stack used (prev) :  00000114
            | + function block  :  00000008
            |  Already listed
  04        main_GotoXY
            | Stack used (prev) :  0000010E
            | + function block  :  00000006
            |  Already listed
  03      main_UpdateScreen
          | Stack used (prev) :  0000011E
          | + function block  :  00000002
  03      main_UpdateScreen
          | Stack used (prev) :  0000011E
          | + function block  :  00000002
          |  Already listed
  03      main_UpdateScreen
          | Stack used (prev) :  0000011E
          | + function block  :  00000002
          |  Already listed
  04        printf
            | Stack used (prev) :  0000010A
            | + function block  :  00000004
            |  Already listed
  05          printf
              | Stack used (prev) :  0000010A
              | + function block  :  00000004
              |  Already listed
  05          main_GotoXY
              | Stack used (prev) :  0000010E
              | + function block  :  00000006
              |  Already listed
  04        main_NewScreen
            | Stack used (prev) :  00000114
            | + function block  :  00000002
  04        main_GotoXY
            | Stack used (prev) :  0000010E
            | + function block  :  00000006
            |  Already listed
  03      main_ShowHelpScreen
          | Stack used (prev) :  00000116
          | + function block  :  00000002
  04        printf
            | Stack used (prev) :  0000010A
            | + function block  :  00000004
            |  Already listed
  04        main_NewScreen
            | Stack used (prev) :  00000114
            | + function block  :  00000002
            |  Already listed
  03      main_SetupScreen
          | Stack used (prev) :  00000116
          | + function block  :  00000002
  03      main_SetupScreen
          | Stack used (prev) :  00000116
          | + function block  :  00000002
          |  Already listed
  02    main_TerminalHandler
        | Stack used (prev) :  00000120
        | + function block  :  00000002
  03      swt_SetCountDownTimer
          | Stack used (prev) :  00000032
          | + function block  :  00000002
          |  Already listed
  03      main_UpdateScreen
          | Stack used (prev) :  0000011E
          | + function block  :  00000002
          |  Already listed
  03      main_SetupScreen
          | Stack used (prev) :  00000116
          | + function block  :  00000002
          |  Already listed
  02    main_TerminalSetup
        | Stack used (prev) :  00000120
        | + function block  :  00000002
  02    main_SetDefaults
        | Stack used (prev) :  00000032
        | + function block  :  00000004
  05          sei
              | Stack used (prev) :  00000000
              | + function block  :  00000002
              |  Already listed
  05          cli
              | Stack used (prev) :  00000000
              | + function block  :  00000002
              |  Already listed
  04        vic_handler_init
            | Stack used (prev) :  00000032
            | + function block  :  00000002
  04        sys_state_set_sys_clk
            | Stack used (prev) :  00000032
            | + function block  :  00000004
  04        sys_state_set_io23
            | Stack used (prev) :  00000032
            | + function block  :  00000004
  03      sys_Init
          | Stack used (prev) :  00000036
          | + function block  :  00000002
  04        irq_enable
            | Stack used (prev) :  00000032
            | + function block  :  00000002
  04        irq_handler_register
            | Stack used (prev) :  00000032
            | + function block  :  00000004
  05          irq_handler_init
              | Stack used (prev) :  00000032
              | + function block  :  00000006
  04        swtimer_handler_init
            | Stack used (prev) :  00000038
            | + function block  :  00000002
  04        swtimer_set_prescaler_reload
            | Stack used (prev) :  00000032
            | + function block  :  00000002
  04        swtimer_set_counter_reload
            | Stack used (prev) :  00000032
            | + function block  :  00000002
  04        swtimer_autoreload_enable
            | Stack used (prev) :  00000032
            | + function block  :  00000002
  04        swtimer_enable
            | Stack used (prev) :  00000032
            | + function block  :  00000002
  03      swt_Init
          | Stack used (prev) :  0000003A
          | + function block  :  00000002
  04        sys_state_module_enable
            | Stack used (prev) :  00000032
            | + function block  :  00000002
  04        _sci_set_baud_rate
            | Stack used (prev) :  00000032
            | + function block  :  00000002
  04        _sci_set_auto_mode
            | Stack used (prev) :  00000032
            | + function block  :  00000004
  04        _sci_reset_config
            | Stack used (prev) :  00000032
            | + function block  :  00000002
  04        _sci_set_config
            | Stack used (prev) :  00000032
            | + function block  :  00000002
  03      stdio_Init
          | Stack used (prev) :  00000036
          | + function block  :  00000004
  04        irq_clear_all_events
            | Stack used (prev) :  00000032
            | + function block  :  00000002
  04        irq_enable
            | Stack used (prev) :  00000032
            | + function block  :  00000002
            |  Already listed
  04        irq_handler_register
            | Stack used (prev) :  00000032
            | + function block  :  00000004
            |  Already listed
  05          irq_handler_init
              | Stack used (prev) :  00000032
              | + function block  :  00000006
              |  Already listed
  04        pwm_handler_init
            | Stack used (prev) :  00000038
            | + function block  :  00000002
  04        pwm_config_zero
            | Stack used (prev) :  00000032
            | + function block  :  00000004
  04        pwm_config_term
            | Stack used (prev) :  00000032
            | + function block  :  00000004
  04        pwm_set_trigger_delay
            | Stack used (prev) :  00000000
            | + function block  :  00000002
            |  Already listed
  04        pwm_enable
            | Stack used (prev) :  00000032
            | + function block  :  00000004
  04        pwm_config_polarity
            | Stack used (prev) :  00000032
            | + function block  :  00000004
  04        pwm_config_stop
            | Stack used (prev) :  00000032
            | + function block  :  00000002
            |  Already listed
  04        pwm_config_start
            | Stack used (prev) :  00000032
            | + function block  :  00000002
            |  Already listed
  04        pwm_config_period
            | Stack used (prev) :  00000032
            | + function block  :  00000002
  04        pwm_config_prescaler
            | Stack used (prev) :  00000032
            | + function block  :  00000002
  04        pwm_ScheduleOnPhases
            | Stack used (prev) :  00000034
            | + function block  :  00000022
            |  Already listed
  03      pwm_Init
          | Stack used (prev) :  00000056
          | + function block  :  00000002
  04        hvctrl_SetLEDDrv
            | Stack used (prev) :  00000036
            | + function block  :  00000002
            |  Already listed
  05          hv_ctrl_spi_send_16_wr
              | Stack used (prev) :  00000032
              | + function block  :  00000004
              |  Already listed
  04        hvctrl_SetLINConfig
            | Stack used (prev) :  00000036
            | + function block  :  00000002
  05          irq_handler_init
              | Stack used (prev) :  00000032
              | + function block  :  00000006
              |  Already listed
  04        hv_ctrl_handler_init
            | Stack used (prev) :  00000038
            | + function block  :  00000002
  04        hv_ctrl_spi_configure
            | Stack used (prev) :  00000032
            | + function block  :  00000006
  04        hv_ctrl_set_post_shift_delay
            | Stack used (prev) :  00000032
            | + function block  :  00000002
  03      hvctrl_Init
          | Stack used (prev) :  0000003A
          | + function block  :  00000002
  04        sys_state_module_enable
            | Stack used (prev) :  00000032
            | + function block  :  00000002
            |  Already listed
  04        gpio_set_output_enable
            | Stack used (prev) :  00000032
            | + function block  :  00000002
  03      gpio_Init
          | Stack used (prev) :  00000034
          | + function block  :  00000002
  04        irq_clear_all_events
            | Stack used (prev) :  00000032
            | + function block  :  00000002
            |  Already listed
  04        irq_enable
            | Stack used (prev) :  00000032
            | + function block  :  00000002
            |  Already listed
  04        irq_handler_register
            | Stack used (prev) :  00000032
            | + function block  :  00000004
            |  Already listed
  05          irq_handler_init
              | Stack used (prev) :  00000032
              | + function block  :  00000006
              |  Already listed
  04        adc_ctrl_handler_init
            | Stack used (prev) :  00000038
            | + function block  :  00000002
  04        adc_ctrl_set_sample_extension
            | Stack used (prev) :  00000032
            | + function block  :  00000004
  04        adc_ctrl_set_dma_base_address
            | Stack used (prev) :  00000032
            | + function block  :  00000002
  04        adc_ctrl_set_mux_delay
            | Stack used (prev) :  00000032
            | + function block  :  00000002
  04        adc_ctrl_cyclic_mode_config
            | Stack used (prev) :  00000032
            | + function block  :  00000004
  04        adc_ctrl_pwm_trigger_config
            | Stack used (prev) :  00000032
            | + function block  :  00000002
  03      adc_Init
          | Stack used (prev) :  0000003A
          | + function block  :  00000004
  02    main_Init
        | Stack used (prev) :  00000058
        | + function block  :  00000002
  01  main
      | Stack used (prev) :  00000122
      | + function block  :  00000002
  <-Sub-tree of type: Function tree
    | Stack used          :  00000124


  ->Sub-tree of type: Function tree
                             CSTACK
    | Stack used (prev) :  00000124
  01  exit
      | Stack used (prev) :  00000124
      | + function block  :  00000002
  <-Sub-tree of type: Function tree
    | Stack used          :  00000126


  ->Sub-tree of type: Function tree
                             CSTACK
    | Stack used (prev) :  00000126
  01  __data16_memzero
      | Stack used (prev) :  00000126
      | + function block  :  00000002
  <-Sub-tree of type: Function tree
    | Stack used          :  00000128


  ->Sub-tree of type: Function tree
                             CSTACK
    | Stack used (prev) :  00000128
  02    memcpy
        | Stack used (prev) :  00000032
        | + function block  :  00000002
        |  Already listed
  01  __data16_memcpy
      | Stack used (prev) :  00000128
      | + function block  :  00000002
  <-Sub-tree of type: Function tree
    | Stack used          :  0000012A


  ->Sub-tree of type: Function tree
                             CSTACK
    | Stack used (prev) :  0000012A
  02    _PutcharsLarge
        | Stack used (prev) :  00000036
        | + function block  :  0000000A
        |  Already listed
  01  pad
      | Stack used (prev) :  0000012A
      | + function block  :  0000000C
  <-Sub-tree of type: Function tree
    | Stack used          :  00000136




                ****************************************
                *                                      *
                *      SEGMENTS IN ADDRESS ORDER       *
                *                                      *
                ****************************************


SEGMENT              SPACE    START ADDRESS   END ADDRESS     SIZE  TYPE  ALIGN
=======              =====    =============   ===========     ====  ====  =====
DATA16_I                               0C00 - 0C01               2   rel    1
DATA16_Z                               0C02 - 0E85             284   rel    1
CSTACK                                 0E98 - 0FFF             168   rel    1
DATA16_C                               8000 - 8A5C             A5D   rel    1
DATA16_ID                              8A5E - 8A5F               2   rel    1
CSTART                                 8A60 - 8A87              28   rel    1
<CODE> 1                               8A88 - C6FD            3C76   rel    1
RESET                                  FFFE - FFFF               2   rel    1

                ****************************************
                *                                      *
                *        END OF CROSS REFERENCE        *
                *                                      *
                ****************************************

 15 520 bytes of CODE  memory
  1 006 bytes of DATA  memory
  2 655 bytes of CONST memory

Errors: none
Warnings: none

